[2024-06-17T15:59:09.990+0200][gc,heap] Heap region size: 1M
[2024-06-17T15:59:09.992+0200][gc     ] Using G1
[2024-06-17T15:59:09.992+0200][gc,heap,coops] Heap address: 0x0000000780000000, size: 1024 MB, Compressed Oops mode: Zero based, Oop shift amount: 3
[2024-06-17T15:59:10.428+0200][gc,start     ] GC(0) Pause Young (Concurrent Start) (Metadata GC Threshold)
[2024-06-17T15:59:10.428+0200][gc,task      ] GC(0) Using 8 workers of 8 for evacuation
[2024-06-17T15:59:10.433+0200][gc,phases    ] GC(0)   Pre Evacuate Collection Set: 0.0ms
[2024-06-17T15:59:10.433+0200][gc,phases    ] GC(0)   Evacuate Collection Set: 4.1ms
[2024-06-17T15:59:10.433+0200][gc,phases    ] GC(0)   Post Evacuate Collection Set: 0.2ms
[2024-06-17T15:59:10.433+0200][gc,phases    ] GC(0)   Other: 0.4ms
[2024-06-17T15:59:10.433+0200][gc,heap      ] GC(0) Eden regions: 51->0(44)
[2024-06-17T15:59:10.433+0200][gc,heap      ] GC(0) Survivor regions: 0->7(7)
[2024-06-17T15:59:10.433+0200][gc,heap      ] GC(0) Old regions: 0->1
[2024-06-17T15:59:10.433+0200][gc,heap      ] GC(0) Humongous regions: 0->0
[2024-06-17T15:59:10.433+0200][gc,metaspace ] GC(0) Metaspace: 20788K(21248K)->20788K(21248K) NonClass: 18499K(18688K)->18499K(18688K) Class: 2289K(2560K)->2289K(2560K)
[2024-06-17T15:59:10.433+0200][gc           ] GC(0) Pause Young (Concurrent Start) (Metadata GC Threshold) 50M->7M(1024M) 4.849ms
[2024-06-17T15:59:10.433+0200][gc,cpu       ] GC(0) User=0.01s Sys=0.01s Real=0.01s
[2024-06-17T15:59:10.433+0200][gc           ] GC(1) Concurrent Cycle
[2024-06-17T15:59:10.433+0200][gc,marking   ] GC(1) Concurrent Clear Claimed Marks
[2024-06-17T15:59:10.433+0200][gc,marking   ] GC(1) Concurrent Clear Claimed Marks 0.012ms
[2024-06-17T15:59:10.433+0200][gc,marking   ] GC(1) Concurrent Scan Root Regions
[2024-06-17T15:59:10.434+0200][gc,marking   ] GC(1) Concurrent Scan Root Regions 1.144ms
[2024-06-17T15:59:10.434+0200][gc,marking   ] GC(1) Concurrent Mark (0.447s)
[2024-06-17T15:59:10.434+0200][gc,marking   ] GC(1) Concurrent Mark From Roots
[2024-06-17T15:59:10.434+0200][gc,task      ] GC(1) Using 2 workers of 2 for marking
[2024-06-17T15:59:10.435+0200][gc,marking   ] GC(1) Concurrent Mark From Roots 0.622ms
[2024-06-17T15:59:10.435+0200][gc,marking   ] GC(1) Concurrent Preclean
[2024-06-17T15:59:10.435+0200][gc,marking   ] GC(1) Concurrent Preclean 0.025ms
[2024-06-17T15:59:10.435+0200][gc,marking   ] GC(1) Concurrent Mark (0.447s, 0.448s) 0.692ms
[2024-06-17T15:59:10.435+0200][gc,start     ] GC(1) Pause Remark
[2024-06-17T15:59:10.436+0200][gc,stringtable] GC(1) Cleaned string and symbol table, strings: 7963 processed, 0 removed, symbols: 66581 processed, 31 removed
[2024-06-17T15:59:10.436+0200][gc            ] GC(1) Pause Remark 8M->8M(1024M) 1.259ms
[2024-06-17T15:59:10.436+0200][gc,cpu        ] GC(1) User=0.00s Sys=0.00s Real=0.00s
[2024-06-17T15:59:10.436+0200][gc,marking    ] GC(1) Concurrent Rebuild Remembered Sets
[2024-06-17T15:59:10.437+0200][gc,marking    ] GC(1) Concurrent Rebuild Remembered Sets 0.527ms
[2024-06-17T15:59:10.437+0200][gc,start      ] GC(1) Pause Cleanup
[2024-06-17T15:59:10.437+0200][gc            ] GC(1) Pause Cleanup 8M->8M(1024M) 0.069ms
[2024-06-17T15:59:10.437+0200][gc,cpu        ] GC(1) User=0.00s Sys=0.00s Real=0.00s
[2024-06-17T15:59:10.437+0200][gc,marking    ] GC(1) Concurrent Cleanup for Next Mark
[2024-06-17T15:59:10.438+0200][gc,marking    ] GC(1) Concurrent Cleanup for Next Mark 1.435ms
[2024-06-17T15:59:10.438+0200][gc            ] GC(1) Concurrent Cycle 5.391ms
[2024-06-17T15:59:10.622+0200][gc,start      ] GC(2) Pause Young (Normal) (G1 Evacuation Pause)
[2024-06-17T15:59:10.622+0200][gc,task       ] GC(2) Using 8 workers of 8 for evacuation
[2024-06-17T15:59:10.627+0200][gc,phases     ] GC(2)   Pre Evacuate Collection Set: 0.0ms
[2024-06-17T15:59:10.627+0200][gc,phases     ] GC(2)   Evacuate Collection Set: 4.7ms
[2024-06-17T15:59:10.627+0200][gc,phases     ] GC(2)   Post Evacuate Collection Set: 0.2ms
[2024-06-17T15:59:10.627+0200][gc,phases     ] GC(2)   Other: 0.1ms
[2024-06-17T15:59:10.627+0200][gc,heap       ] GC(2) Eden regions: 44->0(49)
[2024-06-17T15:59:10.627+0200][gc,heap       ] GC(2) Survivor regions: 7->2(7)
[2024-06-17T15:59:10.627+0200][gc,heap       ] GC(2) Old regions: 1->8
[2024-06-17T15:59:10.627+0200][gc,heap       ] GC(2) Humongous regions: 0->0
[2024-06-17T15:59:10.627+0200][gc,metaspace  ] GC(2) Metaspace: 28682K(29440K)->28682K(29440K) NonClass: 25619K(26112K)->25619K(26112K) Class: 3063K(3328K)->3063K(3328K)
[2024-06-17T15:59:10.627+0200][gc            ] GC(2) Pause Young (Normal) (G1 Evacuation Pause) 51M->9M(1024M) 5.060ms
[2024-06-17T15:59:10.627+0200][gc,cpu        ] GC(2) User=0.02s Sys=0.00s Real=0.00s
[2024-06-17T15:59:10.824+0200][gc,start      ] GC(3) Pause Young (Concurrent Start) (Metadata GC Threshold)
[2024-06-17T15:59:10.824+0200][gc,task       ] GC(3) Using 8 workers of 8 for evacuation
[2024-06-17T15:59:10.829+0200][gc,phases     ] GC(3)   Pre Evacuate Collection Set: 0.0ms
[2024-06-17T15:59:10.829+0200][gc,phases     ] GC(3)   Evacuate Collection Set: 4.6ms
[2024-06-17T15:59:10.829+0200][gc,phases     ] GC(3)   Post Evacuate Collection Set: 0.2ms
[2024-06-17T15:59:10.829+0200][gc,phases     ] GC(3)   Other: 0.1ms
[2024-06-17T15:59:10.829+0200][gc,heap       ] GC(3) Eden regions: 34->0(47)
[2024-06-17T15:59:10.829+0200][gc,heap       ] GC(3) Survivor regions: 2->4(7)
[2024-06-17T15:59:10.829+0200][gc,heap       ] GC(3) Old regions: 8->8
[2024-06-17T15:59:10.829+0200][gc,heap       ] GC(3) Humongous regions: 0->0
[2024-06-17T15:59:10.829+0200][gc,metaspace  ] GC(3) Metaspace: 34916K(35840K)->34916K(35840K) NonClass: 31073K(31616K)->31073K(31616K) Class: 3843K(4224K)->3843K(4224K)
[2024-06-17T15:59:10.829+0200][gc            ] GC(3) Pause Young (Concurrent Start) (Metadata GC Threshold) 43M->11M(1024M) 5.018ms
[2024-06-17T15:59:10.829+0200][gc,cpu        ] GC(3) User=0.01s Sys=0.00s Real=0.00s
[2024-06-17T15:59:10.829+0200][gc            ] GC(4) Concurrent Cycle
[2024-06-17T15:59:10.829+0200][gc,marking    ] GC(4) Concurrent Clear Claimed Marks
[2024-06-17T15:59:10.829+0200][gc,marking    ] GC(4) Concurrent Clear Claimed Marks 0.016ms
[2024-06-17T15:59:10.829+0200][gc,marking    ] GC(4) Concurrent Scan Root Regions
[2024-06-17T15:59:10.830+0200][gc,marking    ] GC(4) Concurrent Scan Root Regions 0.991ms
[2024-06-17T15:59:10.830+0200][gc,marking    ] GC(4) Concurrent Mark (0.843s)
[2024-06-17T15:59:10.830+0200][gc,marking    ] GC(4) Concurrent Mark From Roots
[2024-06-17T15:59:10.830+0200][gc,task       ] GC(4) Using 2 workers of 2 for marking
[2024-06-17T15:59:10.832+0200][gc,marking    ] GC(4) Concurrent Mark From Roots 2.411ms
[2024-06-17T15:59:10.832+0200][gc,marking    ] GC(4) Concurrent Preclean
[2024-06-17T15:59:10.832+0200][gc,marking    ] GC(4) Concurrent Preclean 0.031ms
[2024-06-17T15:59:10.832+0200][gc,marking    ] GC(4) Concurrent Mark (0.843s, 0.846s) 2.463ms
[2024-06-17T15:59:10.832+0200][gc,start      ] GC(4) Pause Remark
[2024-06-17T15:59:10.834+0200][gc,stringtable] GC(4) Cleaned string and symbol table, strings: 12381 processed, 10 removed, symbols: 101958 processed, 26 removed
[2024-06-17T15:59:10.834+0200][gc            ] GC(4) Pause Remark 12M->12M(1024M) 1.450ms
[2024-06-17T15:59:10.834+0200][gc,cpu        ] GC(4) User=0.00s Sys=0.00s Real=0.00s
[2024-06-17T15:59:10.834+0200][gc,marking    ] GC(4) Concurrent Rebuild Remembered Sets
[2024-06-17T15:59:10.836+0200][gc,marking    ] GC(4) Concurrent Rebuild Remembered Sets 2.151ms
[2024-06-17T15:59:10.836+0200][gc,start      ] GC(4) Pause Cleanup
[2024-06-17T15:59:10.836+0200][gc            ] GC(4) Pause Cleanup 12M->12M(1024M) 0.099ms
[2024-06-17T15:59:10.836+0200][gc,cpu        ] GC(4) User=0.00s Sys=0.00s Real=0.00s
[2024-06-17T15:59:10.836+0200][gc,marking    ] GC(4) Concurrent Cleanup for Next Mark
[2024-06-17T15:59:10.838+0200][gc,marking    ] GC(4) Concurrent Cleanup for Next Mark 1.575ms
[2024-06-17T15:59:10.838+0200][gc            ] GC(4) Concurrent Cycle 9.168ms
[2024-06-17T15:59:11.001+0200][gc,start      ] GC(5) Pause Young (Normal) (G1 Evacuation Pause)
[2024-06-17T15:59:11.001+0200][gc,task       ] GC(5) Using 8 workers of 8 for evacuation
[2024-06-17T15:59:11.004+0200][gc,phases     ] GC(5)   Pre Evacuate Collection Set: 0.0ms
[2024-06-17T15:59:11.004+0200][gc,phases     ] GC(5)   Evacuate Collection Set: 2.4ms
[2024-06-17T15:59:11.004+0200][gc,phases     ] GC(5)   Post Evacuate Collection Set: 0.2ms
[2024-06-17T15:59:11.004+0200][gc,phases     ] GC(5)   Other: 0.1ms
[2024-06-17T15:59:11.004+0200][gc,heap       ] GC(5) Eden regions: 47->0(45)
[2024-06-17T15:59:11.004+0200][gc,heap       ] GC(5) Survivor regions: 4->6(7)
[2024-06-17T15:59:11.004+0200][gc,heap       ] GC(5) Old regions: 8->9
[2024-06-17T15:59:11.004+0200][gc,heap       ] GC(5) Humongous regions: 9->9
[2024-06-17T15:59:11.004+0200][gc,metaspace  ] GC(5) Metaspace: 41457K(42944K)->41457K(42944K) NonClass: 36807K(37632K)->36807K(37632K) Class: 4649K(5312K)->4649K(5312K)
[2024-06-17T15:59:11.004+0200][gc            ] GC(5) Pause Young (Normal) (G1 Evacuation Pause) 67M->23M(1024M) 2.734ms
[2024-06-17T15:59:11.004+0200][gc,cpu        ] GC(5) User=0.02s Sys=0.00s Real=0.00s
[2024-06-17T15:59:11.416+0200][gc,heap,exit  ] Heap
[2024-06-17T15:59:11.416+0200][gc,heap,exit  ]  garbage-first heap   total 1048576K, used 191647K [0x0000000780000000, 0x00000007c0000000)
[2024-06-17T15:59:11.416+0200][gc,heap,exit  ]   region size 1024K, 43 young (44032K), 6 survivors (6144K)
[2024-06-17T15:59:11.416+0200][gc,heap,exit  ]  Metaspace       used 46197K, capacity 47901K, committed 48192K, reserved 1091584K
[2024-06-17T15:59:11.416+0200][gc,heap,exit  ]   class space    used 5340K, capacity 6123K, committed 6208K, reserved 1048576K
