[2024-06-17T15:57:00.035+0200][gc,heap] Heap region size: 1M
[2024-06-17T15:57:00.036+0200][gc     ] Using G1
[2024-06-17T15:57:00.036+0200][gc,heap,coops] Heap address: 0x00000007a0000000, size: 512 MB, Compressed Oops mode: Zero based, Oop shift amount: 3
[2024-06-17T15:57:04.485+0200][gc,start     ] GC(0) Pause Young (Normal) (G1 Evacuation Pause)
[2024-06-17T15:57:04.486+0200][gc,task      ] GC(0) Using 8 workers of 8 for evacuation
[2024-06-17T15:57:04.496+0200][gc,phases    ] GC(0)   Pre Evacuate Collection Set: 0.1ms
[2024-06-17T15:57:04.496+0200][gc,phases    ] GC(0)   Evacuate Collection Set: 9.5ms
[2024-06-17T15:57:04.496+0200][gc,phases    ] GC(0)   Post Evacuate Collection Set: 0.7ms
[2024-06-17T15:57:04.496+0200][gc,phases    ] GC(0)   Other: 2.2ms
[2024-06-17T15:57:04.497+0200][gc,heap      ] GC(0) Eden regions: 25->0(21)
[2024-06-17T15:57:04.497+0200][gc,heap      ] GC(0) Survivor regions: 0->4(4)
[2024-06-17T15:57:04.497+0200][gc,heap      ] GC(0) Old regions: 0->5
[2024-06-17T15:57:04.497+0200][gc,heap      ] GC(0) Humongous regions: 0->0
[2024-06-17T15:57:04.497+0200][gc,metaspace ] GC(0) Metaspace: 14178K(14720K)->14178K(14720K) NonClass: 12738K(13056K)->12738K(13056K) Class: 1439K(1664K)->1439K(1664K)
[2024-06-17T15:57:04.497+0200][gc           ] GC(0) Pause Young (Normal) (G1 Evacuation Pause) 25M->8M(512M) 11.277ms
[2024-06-17T15:57:04.497+0200][gc,cpu       ] GC(0) User=0.05s Sys=0.02s Real=0.01s
[2024-06-17T16:05:13.943+0200][gc,heap,exit ] Heap
[2024-06-17T16:05:13.943+0200][gc,heap,exit ]  garbage-first heap   total 524288K, used 25743K [0x00000007a0000000, 0x00000007c0000000)
[2024-06-17T16:05:13.943+0200][gc,heap,exit ]   region size 1024K, 22 young (22528K), 4 survivors (4096K)
[2024-06-17T16:05:13.943+0200][gc,heap,exit ]  Metaspace       used 16640K, capacity 17052K, committed 17280K, reserved 1064960K
[2024-06-17T16:05:13.943+0200][gc,heap,exit ]   class space    used 1676K, capacity 1852K, committed 1920K, reserved 1048576K
